[PostHog] New session id created 019E7BE6-4F6A-7272-A7C9-96DBFEFE1FCB (sessionStart)
[PostHog] Integration PostHogScreenViewIntegration installed
[PostHog] Integration PostHogAppLifeCycleIntegration installed
[PostHog] Integration PostHogSurveyIntegration installed
[PostHog] Integration PostHogRageClickIntegration installed
[PostHog] Queued event '$set'. Depth: 1
IOSurfaceClientSetSurfaceNotify failed e00002c7
[PostHog] Remote config called successfully.
[PostHog] hasFeatureFlags is false, clearing flags and skipping loading flags
[PostHog] Sending batch of 1 events to PostHog
[PostHog] Queued event '$screen'. Depth: 2
[PostHog] Queued event 'Application Opened'. Depth: 3
[PostHog] Events sent successfully.
[PostHog] Completed!
💉 Unable to connect to InjectionIII app, falling back to standalone HotReloading.
💉 Standalone InjectionIII available for sources under ["/Users/enzoenrico"]
[PostHog] Queued event '$screen'. Depth: 3
[PostHog] Queued event '$screen'. Depth: 4
[PostHog] Sending batch of 4 events to PostHog
[PostHog] Events sent successfully.
[PostHog] Completed!
[PostHog] Queued event 'home_menu_item_selected'. Depth: 1
[PostHog] Queued event 'navigation_route_opened'. Depth: 2
[PostHog] Queued event '$screen'. Depth: 3
[PostHog] Queued event 'navigation_route_opened'. Depth: 4
[PostHog] Queued event 'game_session_started'. Depth: 5
[PostHog] Queued event 'game_session_started'. Depth: 6
[PostHog] Queued event '$screen'. Depth: 7
[PostHog] Sending batch of 7 events to PostHog
[PostHog] Events sent successfully.
[PostHog] Completed!
💉 Using logs: /Users/enzoenrico/Library/Developer/Xcode/DerivedData/magoSanduiche-bkvcqzunzvitagbeqfqzydkzcosz/Logs/Build/17206300-FA46-43A5-B2AC-5F1C84225DD8.xcactivitylog.
💉 ⚠️ Could not locate compile command for "/Users/enzoenrico/code/academy/published/magoSanduiche/magoSanduiche/Features/Game/Components/SuggestedOptionsList.swift" in /Users/enzoenrico/Library/Developer/Xcode/DerivedData/magoSanduiche-bkvcqzunzvitagbeqfqzydkzcosz/Logs/Build/.
This could be due to one of the following:
1. Injection does not work with Whole Module Optimization.
2. There are restrictions on characters allowed in paths.
3. File paths in the simulator are case sensitive.
4. The modified source file is not in the current project.
5. The source file is an XCTest that has not been run yet.
6. Xcode has removed the build logs. Edit a file and re-run or try a build clean then rebuild to make logs available or consult: "/Users/enzoenrico/Library/Developer/CoreSimulator/Devices/DF6B5D37-9AAF-404B-A73C-767CB8764774/data/Containers/Data/Application/DFEAB786-0D2F-4C12-BD20-D4A147CBE3F4/tmp/command.sh".
7. If you're using Xcode 16.3+, Swift compilation details are no longer logged by default.
 See the note in the project README. You'll need to add a EMIT_FRONTEND_COMMAND_LINES custom build setting to your project to continue using InjectionIII.
Whatever the problem, if you see this error it may be worth trying the start-over implementation https://github.com/johnno1962/InjectionNext.
💉 ⚠️ Could not locate compile command for "/Users/enzoenrico/code/academy/published/magoSanduiche/magoSanduiche/Features/Game/Components/SuggestedOptionsList.swift" in /Users/enzoenrico/Library/Developer/Xcode/DerivedData/magoSanduiche-bkvcqzunzvitagbeqfqzydkzcosz/Logs/Build/.
This could be due to one of the following:
1. Injection does not work with Whole Module Optimization.
2. There are restrictions on characters allowed in paths.
3. File paths in the simulator are case sensitive.
4. The modified source file is not in the current project.
5. The source file is an XCTest that has not been run yet.
6. Xcode has removed the build logs. Edit a file and re-run or try a build clean then rebuild to make logs available or consult: "/Users/enzoenrico/Library/Developer/CoreSimulator/Devices/DF6B5D37-9AAF-404B-A73C-767CB8764774/data/Containers/Data/Application/DFEAB786-0D2F-4C12-BD20-D4A147CBE3F4/tmp/command.sh".
7. If you're using Xcode 16.3+, Swift compilation details are no longer logged by default.
 See the note in the project README. You'll need to add a EMIT_FRONTEND_COMMAND_LINES custom build setting to your project to continue using InjectionIII.
Whatever the problem, if you see this error it may be worth trying the start-over implementation https://github.com/johnno1962/InjectionNext.
💉 ⚠️ Could not locate compile command for "/Users/enzoenrico/code/academy/published/magoSanduiche/magoSanduiche/Features/Game/Components/SuggestedOptionsList.swift" in /Users/enzoenrico/Library/Developer/Xcode/DerivedData/magoSanduiche-bkvcqzunzvitagbeqfqzydkzcosz/Logs/Build/.
This could be due to one of the following:
1. Injection does not work with Whole Module Optimization.
2. There are restrictions on characters allowed in paths.
3. File paths in the simulator are case sensitive.
4. The modified source file is not in the current project.
5. The source file is an XCTest that has not been run yet.
6. Xcode has removed the build logs. Edit a file and re-run or try a build clean then rebuild to make logs available or consult: "/Users/enzoenrico/Library/Developer/CoreSimulator/Devices/DF6B5D37-9AAF-404B-A73C-767CB8764774/data/Containers/Data/Application/DFEAB786-0D2F-4C12-BD20-D4A147CBE3F4/tmp/command.sh".
7. If you're using Xcode 16.3+, Swift compilation details are no longer logged by default.
 See the note in the project README. You'll need to add a EMIT_FRONTEND_COMMAND_LINES custom build setting to your project to continue using InjectionIII.
Whatever the problem, if you see this error it may be worth trying the start-over implementation https://github.com/johnno1962/InjectionNext.
💉 ⚠️ Could not locate compile command for "/Users/enzoenrico/code/academy/published/magoSanduiche/magoSanduiche/Features/Game/Components/SuggestedOptionsList.swift" in /Users/enzoenrico/Library/Developer/Xcode/DerivedData/magoSanduiche-bkvcqzunzvitagbeqfqzydkzcosz/Logs/Build/.
This could be due to one of the following:
1. Injection does not work with Whole Module Optimization.
2. There are restrictions on characters allowed in paths.
3. File paths in the simulator are case sensitive.
4. The modified source file is not in the current project.
5. The source file is an XCTest that has not been run yet.
6. Xcode has removed the build logs. Edit a file and re-run or try a build clean then rebuild to make logs available or consult: "/Users/enzoenrico/Library/Developer/CoreSimulator/Devices/DF6B5D37-9AAF-404B-A73C-767CB8764774/data/Containers/Data/Application/DFEAB786-0D2F-4C12-BD20-D4A147CBE3F4/tmp/command.sh".
7. If you're using Xcode 16.3+, Swift compilation details are no longer logged by default.
 See the note in the project README. You'll need to add a EMIT_FRONTEND_COMMAND_LINES custom build setting to your project to continue using InjectionIII.
Whatever the problem, if you see this error it may be worth trying the start-over implementation https://github.com/johnno1962/InjectionNext.
com.kyou.naninf: 62559
